main.c:94:5:main	8	static
main.c:151:6:SystemClock_Config	88	static
main.c:190:13:MX_ADC1_Init	56	static
main.c:272:13:MX_TIM4_Init	48	static
main.c:329:13:MX_TIM11_Init	8	static
main.c:360:13:MX_GPIO_Init	48	static
main.c:383:6:CheckAlarm	8	static
main.c:415:6:HAL_TIM_PeriodElapsedCallback	16	static
main.c:423:6:RecalculateVolt	16	static
main.c:434:6:MeasureInternalTemp	16	static
main.c:446:6:MeasureExternalTemp	16	static
main.c:458:6:HAL_ADCEx_InjectedConvCpltCallback	16	static
main.c:473:6:Error_Handler	4	static,ignoring_inline_asm
